// Jest Snapshot v1, https://goo.gl/fbAQLP

exports[`Header renders correctly 1`] = `
<nav
  aria-label="main navigation"
  className="navbar is-fixed-bottom "
  role="navigation"
>
  <div
    className="navbar-brand"
  >
    <a
      className="navbar-item"
      href="/"
    >
      <h2
        className="title is-2 has-text-link has-text-weight-light"
      >
        Default Starter
      </h2>
    </a>
  </div>
  <div
    className="navbar-menu"
  >
    <div
      className="navbar-start"
    >
      <div
        className="navbar-item has-dropdown has-dropdown-up is-hoverable"
      >
        <a
          className="navbar-link has-text-primary is-arrowless"
          href=""
        >
          <span
            className="ml-1"
          >
            <svg
              aria-hidden="true"
              className="svg-inline--fa fa-paper-plane fa-w-16 "
              data-icon="paper-plane"
              data-prefix="fas"
              focusable="false"
              role="img"
              style={Object {}}
              viewBox="0 0 512 512"
              xmlns="http://www.w3.org/2000/svg"
            >
              <path
                d="M476 3.2L12.5 270.6c-18.1 10.4-15.8 35.6 2.2 43.2L121 358.4l287.3-253.2c5.5-4.9 13.3 2.6 8.6 8.3L176 407v80.5c0 23.6 28.5 32.9 42.5 15.8L282 426l124.6 52.2c14.2 6 30.4-2.9 33-18.2l72-432C515 7.8 493.3-6.8 476 3.2z"
                fill="currentColor"
                style={Object {}}
              />
            </svg>
          </span>
        </a>
        <div
          className="navbar-dropdown is-boxed"
        >
          <span
            className="navbar-item"
          >
            Feedback
          </span>
          <hr
            className="navbar-divider"
          />
          <a
            className="navbar-item has-text-link"
            href="mailto:feedback@lybekk.tech?subject=Hi!&body=%0D%0A---%0D%0ARequest%20made%20at%3A%20http://localhost/"
            rel="noreferrer"
            target="_blank"
          >
            <span
              className="icon is-small mr-1"
            >
              <svg
                aria-hidden="true"
                className="svg-inline--fa fa-envelope fa-w-16 "
                data-icon="envelope"
                data-prefix="fas"
                focusable="false"
                role="img"
                style={Object {}}
                viewBox="0 0 512 512"
                xmlns="http://www.w3.org/2000/svg"
              >
                <path
                  d="M502.3 190.8c3.9-3.1 9.7-.2 9.7 4.7V400c0 26.5-21.5 48-48 48H48c-26.5 0-48-21.5-48-48V195.6c0-5 5.7-7.8 9.7-4.7 22.4 17.4 52.1 39.5 154.1 113.6 21.1 15.4 56.7 47.8 92.2 47.6 35.7.3 72-32.8 92.3-47.6 102-74.1 131.6-96.3 154-113.7zM256 320c23.2.4 56.6-29.2 73.4-41.4 132.7-96.3 142.8-104.7 173.4-128.7 5.8-4.5 9.2-11.5 9.2-18.9v-19c0-26.5-21.5-48-48-48H48C21.5 64 0 85.5 0 112v19c0 7.4 3.4 14.3 9.2 18.9 30.6 23.9 40.7 32.4 173.4 128.7 16.8 12.2 50.2 41.8 73.4 41.4z"
                  fill="currentColor"
                  style={Object {}}
                />
              </svg>
            </span>
            Email
          </a>
          <a
            className="navbar-item has-text-link"
            href="https://docs.google.com/forms/d/e/1FAIpQLScdBp2iPp4vd1NCfwmAbl5NMOzYj4LaRtiPUuGK-rBfXkyUEA/viewform?usp=pp_url&entry.1456738885=None+needed"
            rel="noreferrer"
            target="_blank"
          >
            <span
              className="icon is-small mr-1"
            >
              <svg
                aria-hidden="true"
                className="svg-inline--fa fa-file-alt fa-w-12 "
                data-icon="file-alt"
                data-prefix="fas"
                focusable="false"
                role="img"
                style={Object {}}
                viewBox="0 0 384 512"
                xmlns="http://www.w3.org/2000/svg"
              >
                <path
                  d="M224 136V0H24C10.7 0 0 10.7 0 24v464c0 13.3 10.7 24 24 24h336c13.3 0 24-10.7 24-24V160H248c-13.2 0-24-10.8-24-24zm64 236c0 6.6-5.4 12-12 12H108c-6.6 0-12-5.4-12-12v-8c0-6.6 5.4-12 12-12h168c6.6 0 12 5.4 12 12v8zm0-64c0 6.6-5.4 12-12 12H108c-6.6 0-12-5.4-12-12v-8c0-6.6 5.4-12 12-12h168c6.6 0 12 5.4 12 12v8zm0-72v8c0 6.6-5.4 12-12 12H108c-6.6 0-12-5.4-12-12v-8c0-6.6 5.4-12 12-12h168c6.6 0 12 5.4 12 12zm96-114.1v6.1H256V0h6.1c6.4 0 12.5 2.5 17 7l97.9 98c4.5 4.5 7 10.6 7 16.9z"
                  fill="currentColor"
                  style={Object {}}
                />
              </svg>
            </span>
            Contact form
          </a>
        </div>
      </div>
    </div>
  </div>
</nav>
`;
